Component: ARM Compiler 5.05 update 2 (build 169) Tool: armlink [4d0f33]

==============================================================================

Section Cross References

    int_usart.o(i.IntUSARTInit) refers to rt_memclr.o(.text) for __aeabi_memclr4
    int_usart.o(i.IntUSARTInit) refers to int_usart.o(i.IntUSARTInit_RX) for IntUSARTInit_RX
    int_usart.o(i.IntUSARTInit) refers to int_usart.o(.bss) for RXBuffers
    int_usart.o(i.USART1_IRQHandler) refers to int_usart.o(.bss) for RXBuffers
    int_usart.o(i.USART1_Rx) refers to int_usart.o(i.USART1_RxAvailable) for USART1_RxAvailable
    int_usart.o(i.USART1_Rx) refers to rt_memcpy.o(.text) for __aeabi_memcpy
    int_usart.o(i.USART1_Rx) refers to int_usart.o(.bss) for RXBuffers
    int_usart.o(i.USART1_RxAvailable) refers to int_usart.o(.bss) for RXBuffers
    main.o(i.CalculateVoltage) refers to dflti.o(.text) for __aeabi_ui2d
    main.o(i.CalculateVoltage) refers to dmul.o(.text) for __aeabi_dmul
    main.o(i.CalculateVoltage) refers to ddiv.o(.text) for __aeabi_ddiv
    main.o(i.CalculateVoltage) refers to dfixui.o(.text) for __aeabi_d2uiz
    main.o(i.CalculateVoltage) refers to aeabi_sdiv.o(.text) for __aeabi_uidivmod
    main.o(i.CalculateVoltage) refers to main.o(i.HexByte2Ascii) for HexByte2Ascii
    main.o(i.CalculateVoltage) refers to main.o(i.DecByte2Ascii) for DecByte2Ascii
    main.o(i.DecByte2Ascii) refers to aeabi_sdiv.o(.text) for __aeabi_idivmod
    main.o(i.HexInt2Ascii) refers to main.o(i.HexByte2Ascii) for HexByte2Ascii
    main.o(i.MCUInit) refers to gpio.o(i.GPIOInit) for GPIOInit
    main.o(i.MCUInit) refers to int_usart.o(i.IntUSARTInit) for IntUSARTInit
    main.o(i.MCUInit) refers to adc.o(i.ADCInit) for ADCInit
    main.o(i.MCUInit) refers to systick.o(i.SysTickInit) for SysTickInit
    main.o(i.main) refers to main.o(i.MCUInit) for MCUInit
    main.o(i.main) refers to int_usart.o(i.USART1_Tx) for USART1_Tx
    main.o(i.main) refers to systick.o(i.SysTickGet) for SysTickGet
    main.o(i.main) refers to adc.o(i.ADCRead) for ADCRead
    main.o(i.main) refers to main.o(i.CalculateVoltage) for CalculateVoltage
    main.o(i.main) refers to main.o(.data) for CurrentTick
    systick.o(i.SysTickGet) refers to systick.o(.data) for SysTickCount
    systick.o(i.SysTickInit) refers to systick.o(.data) for SysTickCount
    systick.o(i.SysTick_Handler) refers to systick.o(.data) for Delay
    startup_stm32f030.o(STACK) refers (Special) to heapauxi.o(.text) for __use_two_region_memory
    startup_stm32f030.o(HEAP) refers (Special) to heapauxi.o(.text) for __use_two_region_memory
    startup_stm32f030.o(RESET) refers (Special) to heapauxi.o(.text) for __use_two_region_memory
    startup_stm32f030.o(RESET) refers to startup_stm32f030.o(STACK) for __initial_sp
    startup_stm32f030.o(RESET) refers to startup_stm32f030.o(.text) for Reset_Handler
    startup_stm32f030.o(RESET) refers to systick.o(i.SysTick_Handler) for SysTick_Handler
    startup_stm32f030.o(RESET) refers to int_usart.o(i.USART1_IRQHandler) for USART1_IRQHandler
    startup_stm32f030.o(.text) refers (Special) to heapauxi.o(.text) for __use_two_region_memory
    startup_stm32f030.o(.text) refers to startup_stm32f030.o(STACK) for __initial_sp
    startup_stm32f030.o(.text) refers to system_stm32f0xx.o(i.SystemInit) for SystemInit
    startup_stm32f030.o(.text) refers to __main.o(!!!main) for __main
    startup_stm32f030.o(.text) refers to startup_stm32f030.o(HEAP) for Heap_Mem
    system_stm32f0xx.o(i.SystemCoreClockUpdate) refers to aeabi_sdiv.o(.text) for __aeabi_uidivmod
    system_stm32f0xx.o(i.SystemCoreClockUpdate) refers to system_stm32f0xx.o(.data) for SystemCoreClock
    system_stm32f0xx.o(i.SystemInit) refers to system_stm32f0xx.o(i.SetSysClock) for SetSysClock
    rt_memcpy.o(.text) refers to rt_memcpy.o(.emb_text) for __aeabi_memcpy4
    __main.o(!!!main) refers to __rtentry.o(.ARM.Collect$$rtentry$$00000000) for __rt_entry
    ddiv.o(.text) refers (Special) to usenofp.o(x$fpl$usenofp) for __I$use$fp
    ddiv.o(.text) refers to ddiv.o(.constdata) for .constdata
    ddiv.o(.constdata) refers (Special) to usenofp.o(x$fpl$usenofp) for __I$use$fp
    dfixui.o(.text) refers (Special) to usenofp.o(x$fpl$usenofp) for __I$use$fp
    dflti.o(.text) refers (Special) to usenofp.o(x$fpl$usenofp) for __I$use$fp
    dmul.o(.text) refers (Special) to usenofp.o(x$fpl$usenofp) for __I$use$fp
    __rtentry.o(.ARM.Collect$$rtentry$$00000000) refers (Special) to __rtentry2.o(.ARM.Collect$$rtentry$$0000000A) for __rt_entry_li
    __rtentry.o(.ARM.Collect$$rtentry$$00000000) refers (Special) to __rtentry2.o(.ARM.Collect$$rtentry$$0000000D) for __rt_entry_main
    __rtentry.o(.ARM.Collect$$rtentry$$00000000) refers (Special) to __rtentry2.o(.ARM.Collect$$rtentry$$0000000C) for __rt_entry_postli_1
    __rtentry.o(.ARM.Collect$$rtentry$$00000000) refers (Special) to __rtentry2.o(.ARM.Collect$$rtentry$$00000009) for __rt_entry_postsh_1
    __rtentry.o(.ARM.Collect$$rtentry$$00000000) refers (Special) to __rtentry2.o(.ARM.Collect$$rtentry$$00000002) for __rt_entry_presh_1
    __rtentry.o(.ARM.Collect$$rtentry$$00000000) refers (Special) to __rtentry4.o(.ARM.Collect$$rtentry$$00000004) for __rt_entry_sh
    aeabi_idiv0_sigfpe.o(.text) refers to rt_div0.o(.text) for __rt_div0
    __rtentry2.o(.ARM.Collect$$rtentry$$00000008) refers to boardinit2.o(.text) for _platform_post_stackheap_init
    __rtentry2.o(.ARM.Collect$$rtentry$$0000000A) refers to libinit.o(.ARM.Collect$$libinit$$00000000) for __rt_lib_init
    __rtentry2.o(.ARM.Collect$$rtentry$$0000000B) refers to boardinit3.o(.text) for _platform_post_lib_init
    __rtentry2.o(.ARM.Collect$$rtentry$$0000000D) refers to main.o(i.main) for main
    __rtentry2.o(.ARM.Collect$$rtentry$$0000000D) refers to exit.o(.text) for exit
    __rtentry2.o(.ARM.exidx) refers to __rtentry2.o(.ARM.Collect$$rtentry$$00000001) for .ARM.Collect$$rtentry$$00000001
    __rtentry2.o(.ARM.exidx) refers to __rtentry2.o(.ARM.Collect$$rtentry$$00000008) for .ARM.Collect$$rtentry$$00000008
    __rtentry2.o(.ARM.exidx) refers to __rtentry2.o(.ARM.Collect$$rtentry$$0000000A) for .ARM.Collect$$rtentry$$0000000A
    __rtentry2.o(.ARM.exidx) refers to __rtentry2.o(.ARM.Collect$$rtentry$$0000000B) for .ARM.Collect$$rtentry$$0000000B
    __rtentry2.o(.ARM.exidx) refers to __rtentry2.o(.ARM.Collect$$rtentry$$0000000D) for .ARM.Collect$$rtentry$$0000000D
    __rtentry4.o(.ARM.Collect$$rtentry$$00000004) refers to sys_stackheap_outer.o(.text) for __user_setup_stackheap
    __rtentry4.o(.ARM.exidx) refers to __rtentry4.o(.ARM.Collect$$rtentry$$00000004) for .ARM.Collect$$rtentry$$00000004
    rt_div0.o(.text) refers to defsig_fpe_outer.o(.text) for __rt_SIGFPE
    sys_stackheap_outer.o(.text) refers to libspace.o(.text) for __user_perproc_libspace
    sys_stackheap_outer.o(.text) refers to startup_stm32f030.o(.text) for __user_initial_stackheap
    sys_stackheap_outer.o(__vectab_stack_and_reset_area) refers to tempstk.o(.text) for __temporary_stack_top
    sys_stackheap_outer.o(__vectab_stack_and_reset_area) refers to __main.o(!!!main) for __main
    exit.o(.text) refers to rtexit.o(.ARM.Collect$$rtexit$$00000000) for __rt_exit
    defsig_fpe_outer.o(.text) refers to defsig_fpe_inner.o(.text) for __rt_SIGFPE_inner
    defsig_fpe_outer.o(.text) refers to defsig_exit.o(.text) for __sig_exit
    defsig_fpe_formal.o(.text) refers to rt_raise.o(.text) for __rt_raise
    libinit.o(.ARM.Collect$$libinit$$00000000) refers (Special) to libinit2.o(.ARM.Collect$$libinit$$0000002E) for __rt_lib_init_alloca_1
    libinit.o(.ARM.Collect$$libinit$$00000000) refers (Special) to libinit2.o(.ARM.Collect$$libinit$$0000002C) for __rt_lib_init_argv_1
    libinit.o(.ARM.Collect$$libinit$$00000000) refers (Special) to libinit2.o(.ARM.Collect$$libinit$$0000001B) for __rt_lib_init_atexit_1
    libinit.o(.ARM.Collect$$libinit$$00000000) refers (Special) to libinit2.o(.ARM.Collect$$libinit$$00000021) for __rt_lib_init_clock_1
    libinit.o(.ARM.Collect$$libinit$$00000000) refers (Special) to libinit2.o(.ARM.Collect$$libinit$$00000032) for __rt_lib_init_cpp_1
    libinit.o(.ARM.Collect$$libinit$$00000000) refers (Special) to libinit2.o(.ARM.Collect$$libinit$$00000030) for __rt_lib_init_exceptions_1
    libinit.o(.ARM.Collect$$libinit$$00000000) refers (Special) to libinit2.o(.ARM.Collect$$libinit$$00000002) for __rt_lib_init_fp_1
    libinit.o(.ARM.Collect$$libinit$$00000000) refers (Special) to libinit2.o(.ARM.Collect$$libinit$$0000001F) for __rt_lib_init_fp_trap_1
    libinit.o(.ARM.Collect$$libinit$$00000000) refers (Special) to libinit2.o(.ARM.Collect$$libinit$$00000023) for __rt_lib_init_getenv_1
    libinit.o(.ARM.Collect$$libinit$$00000000) refers (Special) to libinit2.o(.ARM.Collect$$libinit$$0000000A) for __rt_lib_init_heap_1
    libinit.o(.ARM.Collect$$libinit$$00000000) refers (Special) to libinit2.o(.ARM.Collect$$libinit$$00000011) for __rt_lib_init_lc_collate_1
    libinit.o(.ARM.Collect$$libinit$$00000000) refers (Special) to libinit2.o(.ARM.Collect$$libinit$$00000013) for __rt_lib_init_lc_ctype_1
    libinit.o(.ARM.Collect$$libinit$$00000000) refers (Special) to libinit2.o(.ARM.Collect$$libinit$$00000015) for __rt_lib_init_lc_monetary_1
    libinit.o(.ARM.Collect$$libinit$$00000000) refers (Special) to libinit2.o(.ARM.Collect$$libinit$$00000017) for __rt_lib_init_lc_numeric_1
    libinit.o(.ARM.Collect$$libinit$$00000000) refers (Special) to libinit2.o(.ARM.Collect$$libinit$$00000019) for __rt_lib_init_lc_time_1
    libinit.o(.ARM.Collect$$libinit$$00000000) refers (Special) to libinit2.o(.ARM.Collect$$libinit$$00000004) for __rt_lib_init_preinit_1
    libinit.o(.ARM.Collect$$libinit$$00000000) refers (Special) to libinit2.o(.ARM.Collect$$libinit$$0000000E) for __rt_lib_init_rand_1
    libinit.o(.ARM.Collect$$libinit$$00000000) refers (Special) to libinit2.o(.ARM.Collect$$libinit$$00000033) for __rt_lib_init_return
    libinit.o(.ARM.Collect$$libinit$$00000000) refers (Special) to libinit2.o(.ARM.Collect$$libinit$$0000001D) for __rt_lib_init_signal_1
    libinit.o(.ARM.Collect$$libinit$$00000000) refers (Special) to libinit2.o(.ARM.Collect$$libinit$$00000025) for __rt_lib_init_stdio_1
    libinit.o(.ARM.Collect$$libinit$$00000000) refers (Special) to libinit2.o(.ARM.Collect$$libinit$$0000000C) for __rt_lib_init_user_alloc_1
    libspace.o(.text) refers to libspace.o(.bss) for __libspace_start
    rtexit.o(.ARM.Collect$$rtexit$$00000000) refers (Special) to rtexit2.o(.ARM.Collect$$rtexit$$00000004) for __rt_exit_exit
    rtexit.o(.ARM.Collect$$rtexit$$00000000) refers (Special) to rtexit2.o(.ARM.Collect$$rtexit$$00000003) for __rt_exit_ls
    rtexit.o(.ARM.Collect$$rtexit$$00000000) refers (Special) to rtexit2.o(.ARM.Collect$$rtexit$$00000002) for __rt_exit_prels_1
    rtexit.o(.ARM.exidx) refers (Special) to rtexit2.o(.ARM.Collect$$rtexit$$00000004) for __rt_exit_exit
    rtexit.o(.ARM.exidx) refers (Special) to rtexit2.o(.ARM.Collect$$rtexit$$00000003) for __rt_exit_ls
    rtexit.o(.ARM.exidx) refers (Special) to rtexit2.o(.ARM.Collect$$rtexit$$00000002) for __rt_exit_prels_1
    rtexit.o(.ARM.exidx) refers to rtexit.o(.ARM.Collect$$rtexit$$00000000) for .ARM.Collect$$rtexit$$00000000
    rt_raise.o(.text) refers to __raise.o(.text) for __raise
    rt_raise.o(.text) refers to sys_exit.o(.text) for _sys_exit
    defsig_exit.o(.text) refers to sys_exit.o(.text) for _sys_exit
    defsig_fpe_inner.o(.text) refers to defsig_general.o(.text) for __default_signal_display
    libinit2.o(.ARM.Collect$$libinit$$00000010) refers to libinit2.o(.ARM.Collect$$libinit$$0000000F) for .ARM.Collect$$libinit$$0000000F
    libinit2.o(.ARM.Collect$$libinit$$00000012) refers to libinit2.o(.ARM.Collect$$libinit$$0000000F) for .ARM.Collect$$libinit$$0000000F
    libinit2.o(.ARM.Collect$$libinit$$00000014) refers to libinit2.o(.ARM.Collect$$libinit$$0000000F) for .ARM.Collect$$libinit$$0000000F
    libinit2.o(.ARM.Collect$$libinit$$00000016) refers to libinit2.o(.ARM.Collect$$libinit$$0000000F) for .ARM.Collect$$libinit$$0000000F
    libinit2.o(.ARM.Collect$$libinit$$00000018) refers to libinit2.o(.ARM.Collect$$libinit$$0000000F) for .ARM.Collect$$libinit$$0000000F
    libinit2.o(.ARM.Collect$$libinit$$00000026) refers to argv_veneer.o(.text) for __ARM_argv_veneer
    libinit2.o(.ARM.Collect$$libinit$$00000027) refers to argv_veneer.o(.text) for __ARM_argv_veneer
    sys_exit.o(.text) refers (Special) to use_no_semi.o(.text) for __I$use$semihosting
    sys_exit.o(.text) refers (Special) to indicate_semi.o(.text) for __semihosting_library_function
    rtexit2.o(.ARM.Collect$$rtexit$$00000003) refers to libshutdown.o(.ARM.Collect$$libshutdown$$00000000) for __rt_lib_shutdown
    rtexit2.o(.ARM.Collect$$rtexit$$00000004) refers to sys_exit.o(.text) for _sys_exit
    rtexit2.o(.ARM.exidx) refers to rtexit2.o(.ARM.Collect$$rtexit$$00000001) for .ARM.Collect$$rtexit$$00000001
    rtexit2.o(.ARM.exidx) refers to rtexit2.o(.ARM.Collect$$rtexit$$00000003) for .ARM.Collect$$rtexit$$00000003
    rtexit2.o(.ARM.exidx) refers to rtexit2.o(.ARM.Collect$$rtexit$$00000004) for .ARM.Collect$$rtexit$$00000004
    __raise.o(.text) refers to defsig.o(CL$$defsig) for __default_signal_handler
    defsig_general.o(.text) refers to sys_wrch.o(.text) for _ttywrch
    sys_wrch.o(.text) refers (Special) to use_no_semi.o(.text) for __I$use$semihosting
    sys_wrch.o(.text) refers (Special) to indicate_semi.o(.text) for __semihosting_library_function
    defsig.o(CL$$defsig) refers to defsig_fpe_inner.o(.text) for __rt_SIGFPE_inner
    defsig.o(CL$$defsig) refers to defsig_rtmem_inner.o(.text) for __rt_SIGRTMEM_inner
    _get_argv_nomalloc.o(.text) refers (Special) to hrguard.o(.text) for __heap_region$guard
    _get_argv_nomalloc.o(.text) refers to defsig_rtmem_outer.o(.text) for __rt_SIGRTMEM
    _get_argv_nomalloc.o(.text) refers to sys_command.o(.text) for _sys_command_string
    libshutdown.o(.ARM.Collect$$libshutdown$$00000000) refers (Special) to libshutdown2.o(.ARM.Collect$$libshutdown$$00000006) for __rt_lib_shutdown_fp_trap_1
    libshutdown.o(.ARM.Collect$$libshutdown$$00000000) refers (Special) to libshutdown2.o(.ARM.Collect$$libshutdown$$0000000E) for __rt_lib_shutdown_heap_1
    libshutdown.o(.ARM.Collect$$libshutdown$$00000000) refers (Special) to libshutdown2.o(.ARM.Collect$$libshutdown$$0000000F) for __rt_lib_shutdown_return
    libshutdown.o(.ARM.Collect$$libshutdown$$00000000) refers (Special) to libshutdown2.o(.ARM.Collect$$libshutdown$$00000009) for __rt_lib_shutdown_signal_1
    libshutdown.o(.ARM.Collect$$libshutdown$$00000000) refers (Special) to libshutdown2.o(.ARM.Collect$$libshutdown$$00000003) for __rt_lib_shutdown_stdio_1
    libshutdown.o(.ARM.Collect$$libshutdown$$00000000) refers (Special) to libshutdown2.o(.ARM.Collect$$libshutdown$$0000000B) for __rt_lib_shutdown_user_alloc_1
    sys_command.o(.text) refers (Special) to use_no_semi.o(.text) for __I$use$semihosting
    sys_command.o(.text) refers (Special) to indicate_semi.o(.text) for __semihosting_library_function
    defsig_abrt_inner.o(.text) refers to defsig_general.o(.text) for __default_signal_display
    defsig_rtred_inner.o(.text) refers to defsig_general.o(.text) for __default_signal_display
    defsig_rtmem_inner.o(.text) refers to defsig_general.o(.text) for __default_signal_display
    defsig_rtmem_outer.o(.text) refers to defsig_rtmem_inner.o(.text) for __rt_SIGRTMEM_inner
    defsig_rtmem_outer.o(.text) refers to defsig_exit.o(.text) for __sig_exit
    defsig_rtmem_formal.o(.text) refers to rt_raise.o(.text) for __rt_raise
    defsig_stak_inner.o(.text) refers to defsig_general.o(.text) for __default_signal_display
    defsig_pvfn_inner.o(.text) refers to defsig_general.o(.text) for __default_signal_display
    defsig_cppl_inner.o(.text) refers to defsig_general.o(.text) for __default_signal_display
    defsig_segv_inner.o(.text) refers to defsig_general.o(.text) for __default_signal_display
    defsig_other.o(.text) refers to defsig_general.o(.text) for __default_signal_display


==============================================================================

Removing Unused input sections from the image.

    Removing adc.o(.rev16_text), (4 bytes).
    Removing adc.o(.revsh_text), (4 bytes).
    Removing int_usart.o(.rev16_text), (4 bytes).
    Removing int_usart.o(.revsh_text), (4 bytes).
    Removing int_usart.o(i.USART1_Rx), (112 bytes).
    Removing int_usart.o(i.USART1_RxAvailable), (48 bytes).
    Removing main.o(.rev16_text), (4 bytes).
    Removing main.o(.revsh_text), (4 bytes).
    Removing main.o(i.HexInt2Ascii), (50 bytes).
    Removing systick.o(.rev16_text), (4 bytes).
    Removing systick.o(.revsh_text), (4 bytes).
    Removing gpio.o(.rev16_text), (4 bytes).
    Removing gpio.o(.revsh_text), (4 bytes).
    Removing system_stm32f0xx.o(.rev16_text), (4 bytes).
    Removing system_stm32f0xx.o(.revsh_text), (4 bytes).
    Removing system_stm32f0xx.o(i.SystemCoreClockUpdate), (176 bytes).
    Removing system_stm32f0xx.o(.data), (20 bytes).

17 unused section(s) (total 454 bytes) removed from the image.

==============================================================================

Image Symbol Table

    Local Symbols

    Symbol Name                              Value     Ov Type        Size  Object(Section)

    ../clib/angel/boardlib.s                 0x00000000   Number         0  boardinit2.o ABSOLUTE
    ../clib/angel/boardlib.s                 0x00000000   Number         0  boardinit3.o ABSOLUTE
    ../clib/angel/boardlib.s                 0x00000000   Number         0  boardshut.o ABSOLUTE
    ../clib/angel/boardlib.s                 0x00000000   Number         0  boardinit1.o ABSOLUTE
    ../clib/angel/handlers.s                 0x00000000   Number         0  __scatter_zi.o ABSOLUTE
    ../clib/angel/handlers.s                 0x00000000   Number         0  __scatter_copy.o ABSOLUTE
    ../clib/angel/kernel.s                   0x00000000   Number         0  __rtentry.o ABSOLUTE
    ../clib/angel/kernel.s                   0x00000000   Number         0  __rtentry4.o ABSOLUTE
    ../clib/angel/kernel.s                   0x00000000   Number         0  __rtentry2.o ABSOLUTE
    ../clib/angel/kernel.s                   0x00000000   Number         0  rtexit2.o ABSOLUTE
    ../clib/angel/kernel.s                   0x00000000   Number         0  rtexit.o ABSOLUTE
    ../clib/angel/rt.s                       0x00000000   Number         0  aeabi_idiv0.o ABSOLUTE
    ../clib/angel/rt.s                       0x00000000   Number         0  rt_raise.o ABSOLUTE
    ../clib/angel/rt.s                       0x00000000   Number         0  aeabi_idiv0_sigfpe.o ABSOLUTE
    ../clib/angel/rt.s                       0x00000000   Number         0  rt_div0.o ABSOLUTE
    ../clib/angel/scatterp.s                 0x00000000   Number         0  __scatter.o ABSOLUTE
    ../clib/angel/startup.s                  0x00000000   Number         0  __main.o ABSOLUTE
    ../clib/angel/sys.s                      0x00000000   Number         0  sys_stackheap_outer.o ABSOLUTE
    ../clib/angel/sys.s                      0x00000000   Number         0  use_no_semi.o ABSOLUTE
    ../clib/angel/sys.s                      0x00000000   Number         0  indicate_semi.o ABSOLUTE
    ../clib/angel/sys.s                      0x00000000   Number         0  tempstk.o ABSOLUTE
    ../clib/angel/sys.s                      0x00000000   Number         0  libspace.o ABSOLUTE
    ../clib/angel/sysapp.c                   0x00000000   Number         0  sys_exit.o ABSOLUTE
    ../clib/angel/sysapp.c                   0x00000000   Number         0  sys_command.o ABSOLUTE
    ../clib/angel/sysapp.c                   0x00000000   Number         0  sys_wrch.o ABSOLUTE
    ../clib/armsys.c                         0x00000000   Number         0  _get_argv_nomalloc.o ABSOLUTE
    ../clib/armsys.c                         0x00000000   Number         0  no_argv.o ABSOLUTE
    ../clib/armsys.c                         0x00000000   Number         0  argv_veneer.o ABSOLUTE
    ../clib/division.s                       0x00000000   Number         0  aeabi_sdiv_div0.o ABSOLUTE
    ../clib/division.s                       0x00000000   Number         0  aeabi_sdiv.o ABSOLUTE
    ../clib/heapalloc.c                      0x00000000   Number         0  hrguard.o ABSOLUTE
    ../clib/heapaux.c                        0x00000000   Number         0  heapauxi.o ABSOLUTE
    ../clib/libinit.s                        0x00000000   Number         0  libshutdown2.o ABSOLUTE
    ../clib/libinit.s                        0x00000000   Number         0  libshutdown.o ABSOLUTE
    ../clib/libinit.s                        0x00000000   Number         0  libinit.o ABSOLUTE
    ../clib/libinit.s                        0x00000000   Number         0  libinit2.o ABSOLUTE
    ../clib/memcpset.c                       0x00000000   Number         0  rt_memcpy.o ABSOLUTE
    ../clib/memcpset.c                       0x00000000   Number         0  rt_memclr.o ABSOLUTE
    ../clib/memcpset.c                       0x00000000   Number         0  rt_memcpy.o ABSOLUTE
    ../clib/signal.c                         0x00000000   Number         0  defsig_segv_inner.o ABSOLUTE
    ../clib/signal.c                         0x00000000   Number         0  defsig_other.o ABSOLUTE
    ../clib/signal.c                         0x00000000   Number         0  defsig_rtmem_formal.o ABSOLUTE
    ../clib/signal.c                         0x00000000   Number         0  defsig_fpe_inner.o ABSOLUTE
    ../clib/signal.c                         0x00000000   Number         0  defsig_exit.o ABSOLUTE
    ../clib/signal.c                         0x00000000   Number         0  defsig_rtred_inner.o ABSOLUTE
    ../clib/signal.c                         0x00000000   Number         0  __raise.o ABSOLUTE
    ../clib/signal.c                         0x00000000   Number         0  defsig_fpe_outer.o ABSOLUTE
    ../clib/signal.c                         0x00000000   Number         0  defsig_abrt_inner.o ABSOLUTE
    ../clib/signal.c                         0x00000000   Number         0  defsig_rtmem_inner.o ABSOLUTE
    ../clib/signal.c                         0x00000000   Number         0  defsig_fpe_formal.o ABSOLUTE
    ../clib/signal.c                         0x00000000   Number         0  defsig_rtmem_outer.o ABSOLUTE
    ../clib/signal.c                         0x00000000   Number         0  defsig_stak_inner.o ABSOLUTE
    ../clib/signal.c                         0x00000000   Number         0  defsig_general.o ABSOLUTE
    ../clib/signal.c                         0x00000000   Number         0  defsig_pvfn_inner.o ABSOLUTE
    ../clib/signal.c                         0x00000000   Number         0  defsig_cppl_inner.o ABSOLUTE
    ../clib/signal.s                         0x00000000   Number         0  defsig.o ABSOLUTE
    ../clib/stdlib.c                         0x00000000   Number         0  exit.o ABSOLUTE
    ../fplib/cfplib/ddiv.c                   0x00000000   Number         0  ddiv.o ABSOLUTE
    ../fplib/cfplib/dmul.c                   0x00000000   Number         0  dmul.o ABSOLUTE
    ../fplib/cfplib/ffix.c                   0x00000000   Number         0  dfixui.o ABSOLUTE
    ../fplib/cfplib/fflt.c                   0x00000000   Number         0  dflti.o ABSOLUTE
    ../fplib/cfplib/fpinit.c                 0x00000000   Number         0  fpinit.o ABSOLUTE
    ../fplib/usenofp.s                       0x00000000   Number         0  usenofp.o ABSOLUTE
    RTE\Device\STM32F030R8\startup_stm32f030.s 0x00000000   Number         0  startup_stm32f030.o ABSOLUTE
    RTE\Device\STM32F030R8\system_stm32f0xx.c 0x00000000   Number         0  system_stm32f0xx.o ABSOLUTE
    RTE\\Device\\STM32F030R8\\system_stm32f0xx.c 0x00000000   Number         0  system_stm32f0xx.o ABSOLUTE
    Source\\adc.c                            0x00000000   Number         0  adc.o ABSOLUTE
    Source\\gpio.c                           0x00000000   Number         0  gpio.o ABSOLUTE
    Source\\int_usart.c                      0x00000000   Number         0  int_usart.o ABSOLUTE
    Source\\main.c                           0x00000000   Number         0  main.o ABSOLUTE
    Source\\systick.c                        0x00000000   Number         0  systick.o ABSOLUTE
    Source\adc.c                             0x00000000   Number         0  adc.o ABSOLUTE
    Source\gpio.c                            0x00000000   Number         0  gpio.o ABSOLUTE
    Source\int_usart.c                       0x00000000   Number         0  int_usart.o ABSOLUTE
    Source\main.c                            0x00000000   Number         0  main.o ABSOLUTE
    Source\systick.c                         0x00000000   Number         0  systick.o ABSOLUTE
    dc.s                                     0x00000000   Number         0  dc.o ABSOLUTE
    RESET                                    0x08000000   Section      180  startup_stm32f030.o(RESET)
    !!!main                                  0x080000b4   Section        8  __main.o(!!!main)
    !!!scatter                               0x080000bc   Section       60  __scatter.o(!!!scatter)
    !!handler_copy                           0x080000f8   Section       26  __scatter_copy.o(!!handler_copy)
    !!handler_zi                             0x08000114   Section       28  __scatter_zi.o(!!handler_zi)
    .ARM.Collect$$libinit$$00000000          0x08000130   Section        2  libinit.o(.ARM.Collect$$libinit$$00000000)
    .ARM.Collect$$libinit$$00000002          0x08000132   Section        0  libinit2.o(.ARM.Collect$$libinit$$00000002)
    .ARM.Collect$$libinit$$00000004          0x08000132   Section        0  libinit2.o(.ARM.Collect$$libinit$$00000004)
    .ARM.Collect$$libinit$$0000000A          0x08000132   Section        0  libinit2.o(.ARM.Collect$$libinit$$0000000A)
    .ARM.Collect$$libinit$$0000000C          0x08000132   Section        0  libinit2.o(.ARM.Collect$$libinit$$0000000C)
    .ARM.Collect$$libinit$$0000000E          0x08000132   Section        0  libinit2.o(.ARM.Collect$$libinit$$0000000E)
    .ARM.Collect$$libinit$$00000011          0x08000132   Section        0  libinit2.o(.ARM.Collect$$libinit$$00000011)
    .ARM.Collect$$libinit$$00000013          0x08000132   Section        0  libinit2.o(.ARM.Collect$$libinit$$00000013)
    .ARM.Collect$$libinit$$00000015          0x08000132   Section        0  libinit2.o(.ARM.Collect$$libinit$$00000015)
    .ARM.Collect$$libinit$$00000017          0x08000132   Section        0  libinit2.o(.ARM.Collect$$libinit$$00000017)
    .ARM.Collect$$libinit$$00000019          0x08000132   Section        0  libinit2.o(.ARM.Collect$$libinit$$00000019)
    .ARM.Collect$$libinit$$0000001B          0x08000132   Section        0  libinit2.o(.ARM.Collect$$libinit$$0000001B)
    .ARM.Collect$$libinit$$0000001D          0x08000132   Section        0  libinit2.o(.ARM.Collect$$libinit$$0000001D)
    .ARM.Collect$$libinit$$0000001F          0x08000132   Section        0  libinit2.o(.ARM.Collect$$libinit$$0000001F)
    .ARM.Collect$$libinit$$00000021          0x08000132   Section        0  libinit2.o(.ARM.Collect$$libinit$$00000021)
    .ARM.Collect$$libinit$$00000023          0x08000132   Section        0  libinit2.o(.ARM.Collect$$libinit$$00000023)
    .ARM.Collect$$libinit$$00000025          0x08000132   Section        0  libinit2.o(.ARM.Collect$$libinit$$00000025)
    .ARM.Collect$$libinit$$0000002C          0x08000132   Section        0  libinit2.o(.ARM.Collect$$libinit$$0000002C)
    .ARM.Collect$$libinit$$0000002E          0x08000132   Section        0  libinit2.o(.ARM.Collect$$libinit$$0000002E)
    .ARM.Collect$$libinit$$00000030          0x08000132   Section        0  libinit2.o(.ARM.Collect$$libinit$$00000030)
    .ARM.Collect$$libinit$$00000032          0x08000132   Section        0  libinit2.o(.ARM.Collect$$libinit$$00000032)
    .ARM.Collect$$libinit$$00000033          0x08000132   Section        2  libinit2.o(.ARM.Collect$$libinit$$00000033)
    .ARM.Collect$$libshutdown$$00000000      0x08000134   Section        2  libshutdown.o(.ARM.Collect$$libshutdown$$00000000)
    .ARM.Collect$$libshutdown$$00000003      0x08000136   Section        0  libshutdown2.o(.ARM.Collect$$libshutdown$$00000003)
    .ARM.Collect$$libshutdown$$00000006      0x08000136   Section        0  libshutdown2.o(.ARM.Collect$$libshutdown$$00000006)
    .ARM.Collect$$libshutdown$$00000009      0x08000136   Section        0  libshutdown2.o(.ARM.Collect$$libshutdown$$00000009)
    .ARM.Collect$$libshutdown$$0000000B      0x08000136   Section        0  libshutdown2.o(.ARM.Collect$$libshutdown$$0000000B)
    .ARM.Collect$$libshutdown$$0000000E      0x08000136   Section        0  libshutdown2.o(.ARM.Collect$$libshutdown$$0000000E)
    .ARM.Collect$$libshutdown$$0000000F      0x08000136   Section        2  libshutdown2.o(.ARM.Collect$$libshutdown$$0000000F)
    .ARM.Collect$$rtentry$$00000000          0x08000138   Section        0  __rtentry.o(.ARM.Collect$$rtentry$$00000000)
    .ARM.Collect$$rtentry$$00000002          0x08000138   Section        0  __rtentry2.o(.ARM.Collect$$rtentry$$00000002)
    .ARM.Collect$$rtentry$$00000004          0x08000138   Section        6  __rtentry4.o(.ARM.Collect$$rtentry$$00000004)
    .ARM.Collect$$rtentry$$00000009          0x0800013e   Section        0  __rtentry2.o(.ARM.Collect$$rtentry$$00000009)
    .ARM.Collect$$rtentry$$0000000A          0x0800013e   Section        4  __rtentry2.o(.ARM.Collect$$rtentry$$0000000A)
    .ARM.Collect$$rtentry$$0000000C          0x08000142   Section        0  __rtentry2.o(.ARM.Collect$$rtentry$$0000000C)
    .ARM.Collect$$rtentry$$0000000D          0x08000142   Section        8  __rtentry2.o(.ARM.Collect$$rtentry$$0000000D)
    .ARM.Collect$$rtexit$$00000000           0x0800014a   Section        2  rtexit.o(.ARM.Collect$$rtexit$$00000000)
    .ARM.Collect$$rtexit$$00000002           0x0800014c   Section        0  rtexit2.o(.ARM.Collect$$rtexit$$00000002)
    .ARM.Collect$$rtexit$$00000003           0x0800014c   Section        4  rtexit2.o(.ARM.Collect$$rtexit$$00000003)
    .ARM.Collect$$rtexit$$00000004           0x08000150   Section        6  rtexit2.o(.ARM.Collect$$rtexit$$00000004)
    .text                                    0x08000158   Section      116  startup_stm32f030.o(.text)
    .text                                    0x080001cc   Section        0  rt_memclr.o(.text)
    .text                                    0x0800020c   Section      346  aeabi_sdiv.o(.text)
    .text                                    0x08000366   Section        0  heapauxi.o(.text)
    .text                                    0x0800036c   Section        0  ddiv.o(.text)
    .text                                    0x080007b4   Section        0  dfixui.o(.text)
    .text                                    0x080007fc   Section        0  dflti.o(.text)
    .text                                    0x08000854   Section        0  dmul.o(.text)
    .text                                    0x08000a9c   Section       62  sys_stackheap_outer.o(.text)
    .text                                    0x08000ada   Section        0  exit.o(.text)
    .text                                    0x08000ae8   Section        8  libspace.o(.text)
    .text                                    0x08000af0   Section        0  sys_exit.o(.text)
    .text                                    0x08000afc   Section        2  use_no_semi.o(.text)
    .text                                    0x08000afe   Section        0  indicate_semi.o(.text)
    i.ADCInit                                0x08000b00   Section        0  adc.o(i.ADCInit)
    i.ADCRead                                0x08000b7c   Section        0  adc.o(i.ADCRead)
    i.CalculateVoltage                       0x08000c2c   Section        0  main.o(i.CalculateVoltage)
    i.DecByte2Ascii                          0x08000cb8   Section        0  main.o(i.DecByte2Ascii)
    i.GPIOInit                               0x08000ce4   Section        0  gpio.o(i.GPIOInit)
    i.HexByte2Ascii                          0x08000d30   Section        0  main.o(i.HexByte2Ascii)
    i.IntUSARTInit                           0x08000d68   Section        0  int_usart.o(i.IntUSARTInit)
    i.IntUSARTInit_RX                        0x08000e2c   Section        0  int_usart.o(i.IntUSARTInit_RX)
    i.MCUInit                                0x08000e5c   Section        0  main.o(i.MCUInit)
    i.SetSysClock                            0x08000e70   Section        0  system_stm32f0xx.o(i.SetSysClock)
    SetSysClock                              0x08000e71   Thumb Code   206  system_stm32f0xx.o(i.SetSysClock)
    i.SysTickGet                             0x08000f48   Section        0  systick.o(i.SysTickGet)
    i.SysTickInit                            0x08000f54   Section        0  systick.o(i.SysTickInit)
    i.SysTick_Handler                        0x08000f78   Section        0  systick.o(i.SysTick_Handler)
    i.SystemInit                             0x08000fa4   Section        0  system_stm32f0xx.o(i.SystemInit)
    i.USART1_IRQHandler                      0x08001020   Section        0  int_usart.o(i.USART1_IRQHandler)
    i.USART1_Tx                              0x08001088   Section        0  int_usart.o(i.USART1_Tx)
    i.main                                   0x080010e8   Section        0  main.o(i.main)
    .constdata                               0x08001154   Section      128  ddiv.o(.constdata)
    x$fpl$usenofp                            0x08001154   Section        0  usenofp.o(x$fpl$usenofp)
    ddiv_reciptbl                            0x08001154   Data         128  ddiv.o(.constdata)
    .data                                    0x20000000   Section        8  main.o(.data)
    PreviousTick                             0x20000000   Data           4  main.o(.data)
    CurrentTick                              0x20000004   Data           4  main.o(.data)
    .data                                    0x20000008   Section        8  systick.o(.data)
    Delay                                    0x2000000c   Data           4  systick.o(.data)
    .bss                                     0x20000010   Section      160  int_usart.o(.bss)
    .bss                                     0x200000b0   Section       96  libspace.o(.bss)
    HEAP                                     0x20000110   Section      512  startup_stm32f030.o(HEAP)
    Heap_Mem                                 0x20000110   Data         512  startup_stm32f030.o(HEAP)
    STACK                                    0x20000310   Section     1024  startup_stm32f030.o(STACK)
    Stack_Mem                                0x20000310   Data        1024  startup_stm32f030.o(STACK)
    __initial_sp                             0x20000710   Data           0  startup_stm32f030.o(STACK)

    Global Symbols

    Symbol Name                              Value     Ov Type        Size  Object(Section)

    BuildAttributes$$THM_ISAv3M$S$PE$A:L22$X:L11$S22$IEEE1$IW$USESV6$~STKCKD$USESV7$~SHL$OSPACE$ROPI$EBA8$UX$STANDARDLIB$REQ8$PRES8$EABIv2 0x00000000   Number         0  anon$$obj.o ABSOLUTE
    __ARM_use_no_argv                        0x00000000   Number         0  main.o ABSOLUTE
    __ARM_exceptions_init                     - Undefined Weak Reference
    __alloca_initialize                       - Undefined Weak Reference
    __arm_preinit_                            - Undefined Weak Reference
    __cpp_initialize__aeabi_                  - Undefined Weak Reference
    __cxa_finalize                            - Undefined Weak Reference
    __rt_locale                               - Undefined Weak Reference
    __sigvec_lookup                           - Undefined Weak Reference
    _atexit_init                              - Undefined Weak Reference
    _call_atexit_fns                          - Undefined Weak Reference
    _clock_init                               - Undefined Weak Reference
    _fp_trap_init                             - Undefined Weak Reference
    _fp_trap_shutdown                         - Undefined Weak Reference
    _get_lc_collate                           - Undefined Weak Reference
    _get_lc_ctype                             - Undefined Weak Reference
    _get_lc_monetary                          - Undefined Weak Reference
    _get_lc_numeric                           - Undefined Weak Reference
    _get_lc_time                              - Undefined Weak Reference
    _getenv_init                              - Undefined Weak Reference
    _handle_redirection                       - Undefined Weak Reference
    _init_alloc                               - Undefined Weak Reference
    _init_user_alloc                          - Undefined Weak Reference
    _initio                                   - Undefined Weak Reference
    _rand_init                                - Undefined Weak Reference
    _signal_finish                            - Undefined Weak Reference
    _signal_init                              - Undefined Weak Reference
    _terminate_alloc                          - Undefined Weak Reference
    _terminate_user_alloc                     - Undefined Weak Reference
    _terminateio                              - Undefined Weak Reference
    __Vectors_Size                           0x000000b4   Number         0  startup_stm32f030.o ABSOLUTE
    __Vectors                                0x08000000   Data           4  startup_stm32f030.o(RESET)
    __Vectors_End                            0x080000b4   Data           0  startup_stm32f030.o(RESET)
    __main                                   0x080000b5   Thumb Code     8  __main.o(!!!main)
    __scatterload                            0x080000bd   Thumb Code     0  __scatter.o(!!!scatter)
    __scatterload_rt2                        0x080000bd   Thumb Code    52  __scatter.o(!!!scatter)
    __scatterload_rt2_thumb_only             0x080000bd   Thumb Code     0  __scatter.o(!!!scatter)
    __scatterload_null                       0x080000cd   Thumb Code     0  __scatter.o(!!!scatter)
    __scatterload_copy                       0x080000f9   Thumb Code    26  __scatter_copy.o(!!handler_copy)
    __scatterload_zeroinit                   0x08000115   Thumb Code    28  __scatter_zi.o(!!handler_zi)
    __rt_lib_init                            0x08000131   Thumb Code     0  libinit.o(.ARM.Collect$$libinit$$00000000)
    __rt_lib_init_alloca_1                   0x08000133   Thumb Code     0  libinit2.o(.ARM.Collect$$libinit$$0000002E)
    __rt_lib_init_argv_1                     0x08000133   Thumb Code     0  libinit2.o(.ARM.Collect$$libinit$$0000002C)
    __rt_lib_init_atexit_1                   0x08000133   Thumb Code     0  libinit2.o(.ARM.Collect$$libinit$$0000001B)
    __rt_lib_init_clock_1                    0x08000133   Thumb Code     0  libinit2.o(.ARM.Collect$$libinit$$00000021)
    __rt_lib_init_cpp_1                      0x08000133   Thumb Code     0  libinit2.o(.ARM.Collect$$libinit$$00000032)
    __rt_lib_init_exceptions_1               0x08000133   Thumb Code     0  libinit2.o(.ARM.Collect$$libinit$$00000030)
    __rt_lib_init_fp_1                       0x08000133   Thumb Code     0  libinit2.o(.ARM.Collect$$libinit$$00000002)
    __rt_lib_init_fp_trap_1                  0x08000133   Thumb Code     0  libinit2.o(.ARM.Collect$$libinit$$0000001F)
    __rt_lib_init_getenv_1                   0x08000133   Thumb Code     0  libinit2.o(.ARM.Collect$$libinit$$00000023)
    __rt_lib_init_heap_1                     0x08000133   Thumb Code     0  libinit2.o(.ARM.Collect$$libinit$$0000000A)
    __rt_lib_init_lc_collate_1               0x08000133   Thumb Code     0  libinit2.o(.ARM.Collect$$libinit$$00000011)
    __rt_lib_init_lc_ctype_1                 0x08000133   Thumb Code     0  libinit2.o(.ARM.Collect$$libinit$$00000013)
    __rt_lib_init_lc_monetary_1              0x08000133   Thumb Code     0  libinit2.o(.ARM.Collect$$libinit$$00000015)
    __rt_lib_init_lc_numeric_1               0x08000133   Thumb Code     0  libinit2.o(.ARM.Collect$$libinit$$00000017)
    __rt_lib_init_lc_time_1                  0x08000133   Thumb Code     0  libinit2.o(.ARM.Collect$$libinit$$00000019)
    __rt_lib_init_preinit_1                  0x08000133   Thumb Code     0  libinit2.o(.ARM.Collect$$libinit$$00000004)
    __rt_lib_init_rand_1                     0x08000133   Thumb Code     0  libinit2.o(.ARM.Collect$$libinit$$0000000E)
    __rt_lib_init_return                     0x08000133   Thumb Code     0  libinit2.o(.ARM.Collect$$libinit$$00000033)
    __rt_lib_init_signal_1                   0x08000133   Thumb Code     0  libinit2.o(.ARM.Collect$$libinit$$0000001D)
    __rt_lib_init_stdio_1                    0x08000133   Thumb Code     0  libinit2.o(.ARM.Collect$$libinit$$00000025)
    __rt_lib_init_user_alloc_1               0x08000133   Thumb Code     0  libinit2.o(.ARM.Collect$$libinit$$0000000C)
    __rt_lib_shutdown                        0x08000135   Thumb Code     0  libshutdown.o(.ARM.Collect$$libshutdown$$00000000)
    __rt_lib_shutdown_fp_trap_1              0x08000137   Thumb Code     0  libshutdown2.o(.ARM.Collect$$libshutdown$$00000006)
    __rt_lib_shutdown_heap_1                 0x08000137   Thumb Code     0  libshutdown2.o(.ARM.Collect$$libshutdown$$0000000E)
    __rt_lib_shutdown_return                 0x08000137   Thumb Code     0  libshutdown2.o(.ARM.Collect$$libshutdown$$0000000F)
    __rt_lib_shutdown_signal_1               0x08000137   Thumb Code     0  libshutdown2.o(.ARM.Collect$$libshutdown$$00000009)
    __rt_lib_shutdown_stdio_1                0x08000137   Thumb Code     0  libshutdown2.o(.ARM.Collect$$libshutdown$$00000003)
    __rt_lib_shutdown_user_alloc_1           0x08000137   Thumb Code     0  libshutdown2.o(.ARM.Collect$$libshutdown$$0000000B)
    __rt_entry                               0x08000139   Thumb Code     0  __rtentry.o(.ARM.Collect$$rtentry$$00000000)
    __rt_entry_presh_1                       0x08000139   Thumb Code     0  __rtentry2.o(.ARM.Collect$$rtentry$$00000002)
    __rt_entry_sh                            0x08000139   Thumb Code     0  __rtentry4.o(.ARM.Collect$$rtentry$$00000004)
    __rt_entry_li                            0x0800013f   Thumb Code     0  __rtentry2.o(.ARM.Collect$$rtentry$$0000000A)
    __rt_entry_postsh_1                      0x0800013f   Thumb Code     0  __rtentry2.o(.ARM.Collect$$rtentry$$00000009)
    __rt_entry_main                          0x08000143   Thumb Code     0  __rtentry2.o(.ARM.Collect$$rtentry$$0000000D)
    __rt_entry_postli_1                      0x08000143   Thumb Code     0  __rtentry2.o(.ARM.Collect$$rtentry$$0000000C)
    __rt_exit                                0x0800014b   Thumb Code     0  rtexit.o(.ARM.Collect$$rtexit$$00000000)
    __rt_exit_ls                             0x0800014d   Thumb Code     0  rtexit2.o(.ARM.Collect$$rtexit$$00000003)
    __rt_exit_prels_1                        0x0800014d   Thumb Code     0  rtexit2.o(.ARM.Collect$$rtexit$$00000002)
    __rt_exit_exit                           0x08000151   Thumb Code     0  rtexit2.o(.ARM.Collect$$rtexit$$00000004)
    Reset_Handler                            0x08000159   Thumb Code    38  startup_stm32f030.o(.text)
    NMI_Handler                              0x0800017f   Thumb Code     2  startup_stm32f030.o(.text)
    HardFault_Handler                        0x08000181   Thumb Code     2  startup_stm32f030.o(.text)
    SVC_Handler                              0x08000183   Thumb Code     2  startup_stm32f030.o(.text)
    PendSV_Handler                           0x08000185   Thumb Code     2  startup_stm32f030.o(.text)
    ADC1_IRQHandler                          0x08000189   Thumb Code     0  startup_stm32f030.o(.text)
    DMA1_Channel1_IRQHandler                 0x08000189   Thumb Code     0  startup_stm32f030.o(.text)
    DMA1_Channel2_3_IRQHandler               0x08000189   Thumb Code     0  startup_stm32f030.o(.text)
    DMA1_Channel4_5_IRQHandler               0x08000189   Thumb Code     0  startup_stm32f030.o(.text)
    EXTI0_1_IRQHandler                       0x08000189   Thumb Code     0  startup_stm32f030.o(.text)
    EXTI2_3_IRQHandler                       0x08000189   Thumb Code     0  startup_stm32f030.o(.text)
    EXTI4_15_IRQHandler                      0x08000189   Thumb Code     0  startup_stm32f030.o(.text)
    FLASH_IRQHandler                         0x08000189   Thumb Code     0  startup_stm32f030.o(.text)
    I2C1_IRQHandler                          0x08000189   Thumb Code     0  startup_stm32f030.o(.text)
    I2C2_IRQHandler                          0x08000189   Thumb Code     0  startup_stm32f030.o(.text)
    RCC_IRQHandler                           0x08000189   Thumb Code     0  startup_stm32f030.o(.text)
    RTC_IRQHandler                           0x08000189   Thumb Code     0  startup_stm32f030.o(.text)
    SPI1_IRQHandler                          0x08000189   Thumb Code     0  startup_stm32f030.o(.text)
    SPI2_IRQHandler                          0x08000189   Thumb Code     0  startup_stm32f030.o(.text)
    TIM14_IRQHandler                         0x08000189   Thumb Code     0  startup_stm32f030.o(.text)
    TIM15_IRQHandler                         0x08000189   Thumb Code     0  startup_stm32f030.o(.text)
    TIM16_IRQHandler                         0x08000189   Thumb Code     0  startup_stm32f030.o(.text)
    TIM17_IRQHandler                         0x08000189   Thumb Code     0  startup_stm32f030.o(.text)
    TIM1_BRK_UP_TRG_COM_IRQHandler           0x08000189   Thumb Code     0  startup_stm32f030.o(.text)
    TIM1_CC_IRQHandler                       0x08000189   Thumb Code     0  startup_stm32f030.o(.text)
    TIM3_IRQHandler                          0x08000189   Thumb Code     0  startup_stm32f030.o(.text)
    USART2_IRQHandler                        0x08000189   Thumb Code     0  startup_stm32f030.o(.text)
    WWDG_IRQHandler                          0x08000189   Thumb Code     0  startup_stm32f030.o(.text)
    __user_initial_stackheap                 0x0800018d   Thumb Code     0  startup_stm32f030.o(.text)
    _memset_w                                0x080001cd   Thumb Code    26  rt_memclr.o(.text)
    _memset                                  0x080001e7   Thumb Code    30  rt_memclr.o(.text)
    __aeabi_memclr                           0x08000205   Thumb Code     4  rt_memclr.o(.text)
    __rt_memclr                              0x08000205   Thumb Code     0  rt_memclr.o(.text)
    __aeabi_memclr4                          0x08000209   Thumb Code     0  rt_memclr.o(.text)
    __aeabi_memclr8                          0x08000209   Thumb Code     0  rt_memclr.o(.text)
    __rt_memclr_w                            0x08000209   Thumb Code     4  rt_memclr.o(.text)
    __aeabi_uidiv                            0x0800020d   Thumb Code     0  aeabi_sdiv.o(.text)
    __aeabi_uidivmod                         0x0800020d   Thumb Code    20  aeabi_sdiv.o(.text)
    __aeabi_idiv                             0x08000221   Thumb Code     0  aeabi_sdiv.o(.text)
    __aeabi_idivmod                          0x08000221   Thumb Code   326  aeabi_sdiv.o(.text)
    __use_two_region_memory                  0x08000367   Thumb Code     2  heapauxi.o(.text)
    __rt_heap_escrow$2region                 0x08000369   Thumb Code     2  heapauxi.o(.text)
    __rt_heap_expand$2region                 0x0800036b   Thumb Code     2  heapauxi.o(.text)
    __aeabi_ddiv                             0x0800036d   Thumb Code     0  ddiv.o(.text)
    _ddiv                                    0x0800036d   Thumb Code  1072  ddiv.o(.text)
    _drdiv                                   0x0800079d   Thumb Code    20  ddiv.o(.text)
    __aeabi_d2uiz                            0x080007b5   Thumb Code     0  dfixui.o(.text)
    _dfixu                                   0x080007b5   Thumb Code    68  dfixui.o(.text)
    __aeabi_i2d_normalise                    0x080007fd   Thumb Code    66  dflti.o(.text)
    __aeabi_i2d                              0x0800083f   Thumb Code    16  dflti.o(.text)
    _dflt                                    0x0800083f   Thumb Code     0  dflti.o(.text)
    __aeabi_ui2d                             0x0800084f   Thumb Code     6  dflti.o(.text)
    _dfltu                                   0x0800084f   Thumb Code     0  dflti.o(.text)
    __aeabi_dmul                             0x08000855   Thumb Code     0  dmul.o(.text)
    _dmul                                    0x08000855   Thumb Code   558  dmul.o(.text)
    __user_setup_stackheap                   0x08000a9d   Thumb Code    62  sys_stackheap_outer.o(.text)
    exit                                     0x08000adb   Thumb Code    12  exit.o(.text)
    __user_libspace                          0x08000ae9   Thumb Code     8  libspace.o(.text)
    __user_perproc_libspace                  0x08000ae9   Thumb Code     0  libspace.o(.text)
    __user_perthread_libspace                0x08000ae9   Thumb Code     0  libspace.o(.text)
    _sys_exit                                0x08000af1   Thumb Code     8  sys_exit.o(.text)
    __I$use$semihosting                      0x08000afd   Thumb Code     0  use_no_semi.o(.text)
    __use_no_semihosting_swi                 0x08000afd   Thumb Code     2  use_no_semi.o(.text)
    __semihosting_library_function           0x08000aff   Thumb Code     0  indicate_semi.o(.text)
    ADCInit                                  0x08000b01   Thumb Code   110  adc.o(i.ADCInit)
    ADCRead                                  0x08000b7d   Thumb Code   162  adc.o(i.ADCRead)
    CalculateVoltage                         0x08000c2d   Thumb Code   126  main.o(i.CalculateVoltage)
    DecByte2Ascii                            0x08000cb9   Thumb Code    44  main.o(i.DecByte2Ascii)
    GPIOInit                                 0x08000ce5   Thumb Code    70  gpio.o(i.GPIOInit)
    HexByte2Ascii                            0x08000d31   Thumb Code    56  main.o(i.HexByte2Ascii)
    IntUSARTInit                             0x08000d69   Thumb Code   182  int_usart.o(i.IntUSARTInit)
    IntUSARTInit_RX                          0x08000e2d   Thumb Code    40  int_usart.o(i.IntUSARTInit_RX)
    MCUInit                                  0x08000e5d   Thumb Code    20  main.o(i.MCUInit)
    SysTickGet                               0x08000f49   Thumb Code     6  systick.o(i.SysTickGet)
    SysTickInit                              0x08000f55   Thumb Code    22  systick.o(i.SysTickInit)
    SysTick_Handler                          0x08000f79   Thumb Code    34  systick.o(i.SysTick_Handler)
    SystemInit                               0x08000fa5   Thumb Code   110  system_stm32f0xx.o(i.SystemInit)
    USART1_IRQHandler                        0x08001021   Thumb Code    96  int_usart.o(i.USART1_IRQHandler)
    USART1_Tx                                0x08001089   Thumb Code    92  int_usart.o(i.USART1_Tx)
    main                                     0x080010e9   Thumb Code    84  main.o(i.main)
    __I$use$fp                               0x08001154   Number         0  usenofp.o(x$fpl$usenofp)
    Region$$Table$$Base                      0x080011d4   Number         0  anon$$obj.o(Region$$Table)
    Region$$Table$$Limit                     0x080011f4   Number         0  anon$$obj.o(Region$$Table)
    SysTickCount                             0x20000008   Data           4  systick.o(.data)
    RXBuffers                                0x20000010   Data         160  int_usart.o(.bss)
    __libspace_start                         0x200000b0   Data          96  libspace.o(.bss)
    __temporary_stack_top$libspace           0x20000110   Data           0  libspace.o(.bss)



==============================================================================

Memory Map of the image

  Image Entry point : 0x08000159

  Load Region LR_1 (Base: 0x08000000, Size: 0x00001204, Max: 0xffffffff, ABSOLUTE)

    Execution Region ER_RO (Base: 0x08000000, Size: 0x000011f4, Max: 0xffffffff, ABSOLUTE)

    Base Addr    Size         Type   Attr      Idx    E Section Name        Object

    0x08000000   0x000000b4   Data   RO          225    RESET               startup_stm32f030.o
    0x080000b4   0x00000008   Code   RO          281  * !!!main             c_p.l(__main.o)
    0x080000bc   0x0000003c   Code   RO          459    !!!scatter          c_p.l(__scatter.o)
    0x080000f8   0x0000001a   Code   RO          461    !!handler_copy      c_p.l(__scatter_copy.o)
    0x08000112   0x00000002   PAD
    0x08000114   0x0000001c   Code   RO          463    !!handler_zi        c_p.l(__scatter_zi.o)
    0x08000130   0x00000002   Code   RO          329    .ARM.Collect$$libinit$$00000000  c_p.l(libinit.o)
    0x08000132   0x00000000   Code   RO          343    .ARM.Collect$$libinit$$00000002  c_p.l(libinit2.o)
    0x08000132   0x00000000   Code   RO          345    .ARM.Collect$$libinit$$00000004  c_p.l(libinit2.o)
    0x08000132   0x00000000   Code   RO          348    .ARM.Collect$$libinit$$0000000A  c_p.l(libinit2.o)
    0x08000132   0x00000000   Code   RO          350    .ARM.Collect$$libinit$$0000000C  c_p.l(libinit2.o)
    0x08000132   0x00000000   Code   RO          352    .ARM.Collect$$libinit$$0000000E  c_p.l(libinit2.o)
    0x08000132   0x00000000   Code   RO          355    .ARM.Collect$$libinit$$00000011  c_p.l(libinit2.o)
    0x08000132   0x00000000   Code   RO          357    .ARM.Collect$$libinit$$00000013  c_p.l(libinit2.o)
    0x08000132   0x00000000   Code   RO          359    .ARM.Collect$$libinit$$00000015  c_p.l(libinit2.o)
    0x08000132   0x00000000   Code   RO          361    .ARM.Collect$$libinit$$00000017  c_p.l(libinit2.o)
    0x08000132   0x00000000   Code   RO          363    .ARM.Collect$$libinit$$00000019  c_p.l(libinit2.o)
    0x08000132   0x00000000   Code   RO          365    .ARM.Collect$$libinit$$0000001B  c_p.l(libinit2.o)
    0x08000132   0x00000000   Code   RO          367    .ARM.Collect$$libinit$$0000001D  c_p.l(libinit2.o)
    0x08000132   0x00000000   Code   RO          369    .ARM.Collect$$libinit$$0000001F  c_p.l(libinit2.o)
    0x08000132   0x00000000   Code   RO          371    .ARM.Collect$$libinit$$00000021  c_p.l(libinit2.o)
    0x08000132   0x00000000   Code   RO          373    .ARM.Collect$$libinit$$00000023  c_p.l(libinit2.o)
    0x08000132   0x00000000   Code   RO          375    .ARM.Collect$$libinit$$00000025  c_p.l(libinit2.o)
    0x08000132   0x00000000   Code   RO          379    .ARM.Collect$$libinit$$0000002C  c_p.l(libinit2.o)
    0x08000132   0x00000000   Code   RO          381    .ARM.Collect$$libinit$$0000002E  c_p.l(libinit2.o)
    0x08000132   0x00000000   Code   RO          383    .ARM.Collect$$libinit$$00000030  c_p.l(libinit2.o)
    0x08000132   0x00000000   Code   RO          385    .ARM.Collect$$libinit$$00000032  c_p.l(libinit2.o)
    0x08000132   0x00000002   Code   RO          386    .ARM.Collect$$libinit$$00000033  c_p.l(libinit2.o)
    0x08000134   0x00000002   Code   RO          417    .ARM.Collect$$libshutdown$$00000000  c_p.l(libshutdown.o)
    0x08000136   0x00000000   Code   RO          444    .ARM.Collect$$libshutdown$$00000003  c_p.l(libshutdown2.o)
    0x08000136   0x00000000   Code   RO          447    .ARM.Collect$$libshutdown$$00000006  c_p.l(libshutdown2.o)
    0x08000136   0x00000000   Code   RO          450    .ARM.Collect$$libshutdown$$00000009  c_p.l(libshutdown2.o)
    0x08000136   0x00000000   Code   RO          452    .ARM.Collect$$libshutdown$$0000000B  c_p.l(libshutdown2.o)
    0x08000136   0x00000000   Code   RO          455    .ARM.Collect$$libshutdown$$0000000E  c_p.l(libshutdown2.o)
    0x08000136   0x00000002   Code   RO          456    .ARM.Collect$$libshutdown$$0000000F  c_p.l(libshutdown2.o)
    0x08000138   0x00000000   Code   RO          292    .ARM.Collect$$rtentry$$00000000  c_p.l(__rtentry.o)
    0x08000138   0x00000000   Code   RO          299    .ARM.Collect$$rtentry$$00000002  c_p.l(__rtentry2.o)
    0x08000138   0x00000006   Code   RO          311    .ARM.Collect$$rtentry$$00000004  c_p.l(__rtentry4.o)
    0x0800013e   0x00000000   Code   RO          301    .ARM.Collect$$rtentry$$00000009  c_p.l(__rtentry2.o)
    0x0800013e   0x00000004   Code   RO          302    .ARM.Collect$$rtentry$$0000000A  c_p.l(__rtentry2.o)
    0x08000142   0x00000000   Code   RO          304    .ARM.Collect$$rtentry$$0000000C  c_p.l(__rtentry2.o)
    0x08000142   0x00000008   Code   RO          305    .ARM.Collect$$rtentry$$0000000D  c_p.l(__rtentry2.o)
    0x0800014a   0x00000002   Code   RO          334    .ARM.Collect$$rtexit$$00000000  c_p.l(rtexit.o)
    0x0800014c   0x00000000   Code   RO          390    .ARM.Collect$$rtexit$$00000002  c_p.l(rtexit2.o)
    0x0800014c   0x00000004   Code   RO          391    .ARM.Collect$$rtexit$$00000003  c_p.l(rtexit2.o)
    0x08000150   0x00000006   Code   RO          392    .ARM.Collect$$rtexit$$00000004  c_p.l(rtexit2.o)
    0x08000156   0x00000002   PAD
    0x08000158   0x00000074   Code   RO          226  * .text               startup_stm32f030.o
    0x080001cc   0x00000040   Code   RO          273    .text               c_p.l(rt_memclr.o)
    0x0800020c   0x0000015a   Code   RO          275    .text               c_p.l(aeabi_sdiv.o)
    0x08000366   0x00000006   Code   RO          279    .text               c_p.l(heapauxi.o)
    0x0800036c   0x00000448   Code   RO          283    .text               fz_ps.l(ddiv.o)
    0x080007b4   0x00000048   Code   RO          286    .text               fz_ps.l(dfixui.o)
    0x080007fc   0x00000058   Code   RO          288    .text               fz_ps.l(dflti.o)
    0x08000854   0x00000248   Code   RO          290    .text               fz_ps.l(dmul.o)
    0x08000a9c   0x0000003e   Code   RO          315    .text               c_p.l(sys_stackheap_outer.o)
    0x08000ada   0x0000000c   Code   RO          318    .text               c_p.l(exit.o)
    0x08000ae6   0x00000002   PAD
    0x08000ae8   0x00000008   Code   RO          330    .text               c_p.l(libspace.o)
    0x08000af0   0x0000000c   Code   RO          387    .text               c_p.l(sys_exit.o)
    0x08000afc   0x00000002   Code   RO          406    .text               c_p.l(use_no_semi.o)
    0x08000afe   0x00000000   Code   RO          408    .text               c_p.l(indicate_semi.o)
    0x08000afe   0x00000002   PAD
    0x08000b00   0x0000007c   Code   RO            3    i.ADCInit           adc.o
    0x08000b7c   0x000000b0   Code   RO            4    i.ADCRead           adc.o
    0x08000c2c   0x0000008c   Code   RO          113    i.CalculateVoltage  main.o
    0x08000cb8   0x0000002c   Code   RO          114    i.DecByte2Ascii     main.o
    0x08000ce4   0x0000004c   Code   RO          205    i.GPIOInit          gpio.o
    0x08000d30   0x00000038   Code   RO          115    i.HexByte2Ascii     main.o
    0x08000d68   0x000000c4   Code   RO           54    i.IntUSARTInit      int_usart.o
    0x08000e2c   0x00000030   Code   RO           55    i.IntUSARTInit_RX   int_usart.o
    0x08000e5c   0x00000014   Code   RO          117    i.MCUInit           main.o
    0x08000e70   0x000000d8   Code   RO          232    i.SetSysClock       system_stm32f0xx.o
    0x08000f48   0x0000000c   Code   RO          170    i.SysTickGet        systick.o
    0x08000f54   0x00000024   Code   RO          171    i.SysTickInit       systick.o
    0x08000f78   0x0000002c   Code   RO          172    i.SysTick_Handler   systick.o
    0x08000fa4   0x0000007c   Code   RO          234    i.SystemInit        system_stm32f0xx.o
    0x08001020   0x00000068   Code   RO           56    i.USART1_IRQHandler  int_usart.o
    0x08001088   0x00000060   Code   RO           59    i.USART1_Tx         int_usart.o
    0x080010e8   0x0000006c   Code   RO          118    i.main              main.o
    0x08001154   0x00000000   Code   RO          297    x$fpl$usenofp       fz_ps.l(usenofp.o)
    0x08001154   0x00000080   Data   RO          284    .constdata          fz_ps.l(ddiv.o)
    0x080011d4   0x00000020   Data   RO          457    Region$$Table       anon$$obj.o


    Execution Region ER_RW (Base: 0x20000000, Size: 0x00000010, Max: 0xffffffff, ABSOLUTE)

    Base Addr    Size         Type   Attr      Idx    E Section Name        Object

    0x20000000   0x00000008   Data   RW          119    .data               main.o
    0x20000008   0x00000008   Data   RW          173    .data               systick.o


    Execution Region ER_ZI (Base: 0x20000010, Size: 0x00000700, Max: 0xffffffff, ABSOLUTE)

    Base Addr    Size         Type   Attr      Idx    E Section Name        Object

    0x20000010   0x000000a0   Zero   RW           60    .bss                int_usart.o
    0x200000b0   0x00000060   Zero   RW          331    .bss                c_p.l(libspace.o)
    0x20000110   0x00000200   Zero   RW          224    HEAP                startup_stm32f030.o
    0x20000310   0x00000400   Zero   RW          223    STACK               startup_stm32f030.o


==============================================================================

Image component sizes


      Code (inc. data)   RO Data    RW Data    ZI Data      Debug   Object Name

       300         28          0          0          0       5816   adc.o
        76          6          0          0          0        423   gpio.o
       444         34          0          0        160       3541   int_usart.o
       368         38          0          8          0       2964   main.o
       116         56        180          0       1536        696   startup_stm32f030.o
       340         24          0          0          0       1549   system_stm32f0xx.o
        92         30          0          8          0       1632   systick.o

    ----------------------------------------------------------------------
      1736        216        212         16       1696      16621   Object Totals
         0          0         32          0          0          0   (incl. Generated)
         0          0          0          0          0          0   (incl. Padding)

    ----------------------------------------------------------------------

      Code (inc. data)   RO Data    RW Data    ZI Data      Debug   Library Member Name

         8          0          0          0          0         68   __main.o
         0          0          0          0          0          0   __rtentry.o
        12          0          0          0          0          0   __rtentry2.o
         6          0          0          0          0          0   __rtentry4.o
        60          8          0          0          0          0   __scatter.o
        26          0          0          0          0          0   __scatter_copy.o
        28          0          0          0          0          0   __scatter_zi.o
       346          0          0          0          0         92   aeabi_sdiv.o
        12          0          0          0          0         64   exit.o
         6          0          0          0          0        136   heapauxi.o
         0          0          0          0          0          0   indicate_semi.o
         2          0          0          0          0          0   libinit.o
         2          0          0          0          0          0   libinit2.o
         2          0          0          0          0          0   libshutdown.o
         2          0          0          0          0          0   libshutdown2.o
         8          4          0          0         96         68   libspace.o
        64          0          0          0          0        108   rt_memclr.o
         2          0          0          0          0          0   rtexit.o
        10          0          0          0          0          0   rtexit2.o
        12          4          0          0          0         60   sys_exit.o
        62          0          0          0          0         80   sys_stackheap_outer.o
         2          0          0          0          0         68   use_no_semi.o
      1096         26        128          0          0        112   ddiv.o
        72          4          0          0          0         68   dfixui.o
        88          0          0          0          0         92   dflti.o
       584         26          0          0          0         84   dmul.o
         0          0          0          0          0          0   usenofp.o

    ----------------------------------------------------------------------
      2520         72        128          0         96       1100   Library Totals
         8          0          0          0          0          0   (incl. Padding)

    ----------------------------------------------------------------------

      Code (inc. data)   RO Data    RW Data    ZI Data      Debug   Library Name

       672         16          0          0         96        744   c_p.l
      1840         56        128          0          0        356   fz_ps.l

    ----------------------------------------------------------------------
      2520         72        128          0         96       1100   Library Totals

    ----------------------------------------------------------------------

==============================================================================


      Code (inc. data)   RO Data    RW Data    ZI Data      Debug   

      4256        288        340         16       1792      16741   Grand Totals
      4256        288        340         16       1792      16741   ELF Image Totals
      4256        288        340         16          0          0   ROM Totals

==============================================================================

    Total RO  Size (Code + RO Data)                 4596 (   4.49kB)
    Total RW  Size (RW Data + ZI Data)              1808 (   1.77kB)
    Total ROM Size (Code + RO Data + RW Data)       4612 (   4.50kB)

==============================================================================

